<html>
<body>
<pre>
<h1>µVision Build Log</h1>
<h2>Tool Versions:</h2>
IDE-Version: ¦ÌVision V5.40.0.0
Copyright (C) 2024 ARM Ltd and ARM Germany GmbH. All rights reserved.
License Information: 1 guo, 3, LIC=65ISZ-JYTSV-RAVDM-XQXGJ-2HWET-AC83B
 
Tool Versions:
Toolchain:       MDK-ARM Plus  Version: 5.40.0.3
Toolchain Path:  C:\Keil_v5\ARM\ARMCLANG\Bin
C Compiler:      ArmClang.exe V6.22
Assembler:       Armasm.exe V6.22
Linker/Locator:  ArmLink.exe V6.22
Library Manager: ArmAr.exe V6.22
Hex Converter:   FromElf.exe V6.22
CPU DLL:         SARMCM3.DLL V5.40.0.3
Dialog DLL:      DCM.DLL V1.17.5.0
Target DLL:      STLink\ST-LINKIII-KEIL_SWO.dll V3.3.0.0
Dialog DLL:      TCM.DLL V1.56.4.0
 
<h2>Project:</h2>
c:\Users\guo\Desktop\code\STM32_IHCS\Hardwear\STL\model.uvprojx
Project File Date:  09/26/2024

<h2>Output:</h2>
*** Using Compiler 'V6.22', folder: 'C:\Keil_v5\ARM\ARMCLANG\Bin'
Rebuild target 'Target 1'
compiling misc.c...
compiling stm32f10x_adc.c...
compiling stm32f10x_it.c...
compiling stm32f10x_bkp.c...
compiling main.cpp...
compiling stm32f10x_crc.c...
compiling stm32f10x_can.c...
compiling system_stm32f10x.c...
compiling stm32f10x_dbgmcu.c...
compiling stm32f10x_cec.c...
compiling stm32f10x_dac.c...
compiling stm32f10x_dma.c...
assembling startup_stm32f10x_md.s...
compiling stm32f10x_exti.c...
compiling stm32f10x_flash.c...
compiling stm32f10x_fsmc.c...
compiling stm32f10x_gpio.c...
compiling stm32f10x_i2c.c...
compiling stm32f10x_pwr.c...
compiling stm32f10x_iwdg.c...
compiling stm32f10x_rtc.c...
compiling stm32f10x_sdio.c...
compiling stm32f10x_rcc.c...
compiling stm32f10x_spi.c...
compiling stm32f10x_wwdg.c...
compiling stm32f10x_usart.c...
compiling stm32f10x_tim.c...
Hardware/Serious/Serious.c(52): warning: incompatible pointer types initializing 'uint8_t *' (aka 'unsigned char *') with an expression of type 'float *' [-Wincompatible-pointer-types]
   52 |     uint8_t* u8_dat = &dat;
      |              ^        ~~~~
Hardware/Serious/Serious.c(60): warning: incompatible pointer types initializing 'uint8_t *' (aka 'unsigned char *') with an expression of type 'uint16_t *' (aka 'unsigned short *') [-Wincompatible-pointer-types]
   60 |     uint8_t* u8_dat = &dat;
      |              ^        ~~~~
2 warnings generated.
compiling Serious.c...
compiling DHT11.c...
compiling JQ01.c...
compiling Delay.c...
compiling OLED.cpp...
linking...
Program Size: Code=2610 RO-data=290 RW-data=8 ZI-data=1640  
FromELF: creating hex file...
".\Objects\Ä£°å.axf" - 0 Error(s), 2 Warning(s).

<h2>Software Packages used:</h2>

Package Vendor: Keil
                https://www.keil.com/pack/Keil.STM32F1xx_DFP.2.4.1.pack
                Keil::STM32F1xx_DFP@2.4.1
                STMicroelectronics STM32F1 Series Device Support, Drivers and Examples

<h2>Collection of Component include folders:</h2>
  C:/Users/guo/AppData/Local/Arm/Packs/Keil/STM32F1xx_DFP/2.4.1/Device/Include

<h2>Collection of Component Files used:</h2>
Build Time Elapsed:  00:00:09
</pre>
</body>
</html>
